// Vitest Snapshot v1, https://vitest.dev/guide/snapshot.html

exports[`plugin > TabPanel structure for accordion tabs 1`] = `
Array [
  Object {
    "block": true,
    "children": null,
    "content": "",
    "hidden": false,
    "info": "",
    "level": 0,
    "map": Array [
      4,
      5,
    ],
    "markup": "",
    "nesting": 1,
    "tag": "div",
    "type": "tab-panel_open",
  },
  Object {
    "block": true,
    "children": null,
    "content": "",
    "hidden": false,
    "info": "",
    "level": 0,
    "map": Array [
      8,
      9,
    ],
    "markup": "",
    "nesting": 1,
    "tag": "div",
    "type": "tab-panel_open",
  },
]
`;

exports[`plugin > TabPanel structure for dropdown tabs 1`] = `
Array [
  Object {
    "block": true,
    "children": null,
    "content": "",
    "hidden": false,
    "info": "",
    "level": 0,
    "map": Array [
      4,
      5,
    ],
    "markup": "",
    "nesting": 1,
    "tag": "div",
    "type": "tab-panel_open",
  },
  Object {
    "block": true,
    "children": null,
    "content": "",
    "hidden": false,
    "info": "",
    "level": 0,
    "map": Array [
      8,
      9,
    ],
    "markup": "",
    "nesting": 1,
    "tag": "div",
    "type": "tab-panel_open",
  },
]
`;

exports[`plugin > TabPanel structure for radio tabs 1`] = `
Array [
  Object {
    "block": true,
    "children": null,
    "content": "",
    "hidden": false,
    "info": "",
    "level": 0,
    "map": Array [
      6,
      7,
    ],
    "markup": "",
    "nesting": 1,
    "tag": "div",
    "type": "tab-panel_open",
  },
  Object {
    "block": true,
    "children": null,
    "content": "",
    "hidden": false,
    "info": "",
    "level": 0,
    "map": Array [
      9,
      11,
    ],
    "markup": "",
    "nesting": 1,
    "tag": "div",
    "type": "tab-panel_open",
  },
  Object {
    "block": true,
    "children": null,
    "content": "",
    "hidden": false,
    "info": "",
    "level": 0,
    "map": Array [
      13,
      15,
    ],
    "markup": "",
    "nesting": 1,
    "tag": "div",
    "type": "tab-panel_open",
  },
]
`;

exports[`plugin > TabPanel structure for regular tabs 1`] = `
Array [
  Object {
    "block": true,
    "children": null,
    "content": "",
    "hidden": false,
    "info": "",
    "level": 0,
    "map": Array [
      6,
      7,
    ],
    "markup": "",
    "nesting": 1,
    "tag": "div",
    "type": "tab-panel_open",
  },
  Object {
    "block": true,
    "children": null,
    "content": "",
    "hidden": false,
    "info": "",
    "level": 0,
    "map": Array [
      9,
      11,
    ],
    "markup": "",
    "nesting": 1,
    "tag": "div",
    "type": "tab-panel_open",
  },
  Object {
    "block": true,
    "children": null,
    "content": "",
    "hidden": false,
    "info": "",
    "level": 0,
    "map": Array [
      13,
      15,
    ],
    "markup": "",
    "nesting": 1,
    "tag": "div",
    "type": "tab-panel_open",
  },
]
`;

exports[`plugin > html snapshots > should render common tabs 1`] = `
"<div class=\\"yfm-tabs\\" data-diplodoc-group=\\"defaultTabsGroup-4fzzzxjy\\" data-diplodoc-variant=\\"regular\\">
<div class=\\"yfm-tab-list\\" role=\\"tablist\\">
<div data-diplodoc-id=\\"tab-1\\" data-diplodoc-key=\\"tab%201\\" class=\\"yfm-tab yfm-tab-group active\\" role=\\"tab\\" aria-controls=\\"zk00000y\\" aria-selected=\\"true\\" tabindex=\\"0\\" data-diplodoc-is-active=\\"true\\">Tab 1</div>
<div data-diplodoc-id=\\"tab-2\\" data-diplodoc-key=\\"tab%202\\" class=\\"yfm-tab yfm-tab-group\\" role=\\"tab\\" aria-controls=\\"ofvc1cad\\" aria-selected=\\"false\\" tabindex=\\"-1\\" data-diplodoc-is-active=\\"false\\">Tab 2</div>
</div>
<div id=\\"zk00000y\\" class=\\"yfm-tab-panel active\\" role=\\"tabpanel\\" aria-labelledby=\\"tab-1\\" data-title=\\"Tab 1\\">
<p>Content of tab 1</p>
</div>
<div id=\\"ofvc1cad\\" class=\\"yfm-tab-panel\\" role=\\"tabpanel\\" aria-labelledby=\\"tab-2\\" data-title=\\"Tab 2\\">
<p>Content of tab 2</p>
</div>
</div>
"
`;

exports[`plugin > html snapshots > should render radio tabs 1`] = `
"<div class=\\"yfm-tabs yfm-tabs-vertical\\" data-diplodoc-group=\\"defaultTabsGroup-7ptgcyuj\\" data-diplodoc-variant=\\"radio\\">
<div data-diplodoc-id=\\"radio-1\\" data-diplodoc-key=\\"radio%201\\" class=\\"yfm-tab yfm-tab-group yfm-vertical-tab\\" role=\\"tab\\" aria-controls=\\"gfzybi81\\" aria-selected=\\"false\\" tabindex=\\"0\\" data-diplodoc-is-active=\\"false\\" data-diplodoc-vertical-tab=\\"true\\">
<input class=\\"radio\\" type=\\"radio\\">
<label>Radio 1</label></div>
<div id=\\"gfzybi81\\" class=\\"yfm-tab-panel\\" role=\\"tabpanel\\" aria-labelledby=\\"radio-1\\" data-title=\\"Radio 1\\">
<p>Content of radio 1</p>
</div>
<div data-diplodoc-id=\\"radio-2\\" data-diplodoc-key=\\"radio%202\\" class=\\"yfm-tab yfm-tab-group yfm-vertical-tab\\" role=\\"tab\\" aria-controls=\\"4gfir17c\\" aria-selected=\\"false\\" tabindex=\\"-1\\" data-diplodoc-is-active=\\"false\\" data-diplodoc-vertical-tab=\\"true\\">
<input class=\\"radio\\" type=\\"radio\\">
<label>Radio 2</label></div>
<div id=\\"4gfir17c\\" class=\\"yfm-tab-panel\\" role=\\"tabpanel\\" aria-labelledby=\\"radio-2\\" data-title=\\"Radio 2\\">
<p>Content of radio 2</p>
</div>
</div>
"
`;

exports[`plugin > should handle multiple tabs with indented endlist 1`] = `
Array [
  Object {
    "block": true,
    "children": null,
    "content": "",
    "hidden": false,
    "info": "",
    "level": 0,
    "map": null,
    "markup": "",
    "meta": null,
    "nesting": 1,
    "tag": "div",
    "type": "tabs_open",
  },
  Object {
    "block": true,
    "children": null,
    "content": "",
    "hidden": false,
    "info": "",
    "level": 0,
    "map": Array [
      2,
      16,
    ],
    "markup": "",
    "meta": null,
    "nesting": 1,
    "tag": "div",
    "type": "tab-list_open",
  },
  Object {
    "block": true,
    "children": null,
    "content": "",
    "hidden": false,
    "info": "",
    "level": 0,
    "map": Array [
      2,
      6,
    ],
    "markup": "-",
    "meta": null,
    "nesting": 1,
    "tag": "div",
    "type": "tab_open",
  },
  Object {
    "block": false,
    "children": Array [
      Object {
        "attrs": null,
        "block": false,
        "children": null,
        "content": "Tab 1",
        "hidden": false,
        "info": "",
        "level": 0,
        "map": null,
        "markup": "",
        "meta": null,
        "nesting": 0,
        "tag": "",
        "type": "text",
      },
    ],
    "content": "",
    "hidden": false,
    "info": "",
    "level": 0,
    "map": null,
    "markup": "",
    "meta": null,
    "nesting": 0,
    "tag": "",
    "type": "inline",
  },
  Object {
    "block": true,
    "children": null,
    "content": "",
    "hidden": false,
    "info": "",
    "level": 0,
    "map": null,
    "markup": "",
    "meta": null,
    "nesting": -1,
    "tag": "div",
    "type": "tab_close",
  },
  Object {
    "block": true,
    "children": null,
    "content": "",
    "hidden": false,
    "info": "",
    "level": 0,
    "map": Array [
      6,
      11,
    ],
    "markup": "-",
    "meta": null,
    "nesting": 1,
    "tag": "div",
    "type": "tab_open",
  },
  Object {
    "block": false,
    "children": Array [
      Object {
        "attrs": null,
        "block": false,
        "children": null,
        "content": "Tab 2",
        "hidden": false,
        "info": "",
        "level": 0,
        "map": null,
        "markup": "",
        "meta": null,
        "nesting": 0,
        "tag": "",
        "type": "text",
      },
    ],
    "content": "",
    "hidden": false,
    "info": "",
    "level": 0,
    "map": null,
    "markup": "",
    "meta": null,
    "nesting": 0,
    "tag": "",
    "type": "inline",
  },
  Object {
    "block": true,
    "children": null,
    "content": "",
    "hidden": false,
    "info": "",
    "level": 0,
    "map": null,
    "markup": "",
    "meta": null,
    "nesting": -1,
    "tag": "div",
    "type": "tab_close",
  },
  Object {
    "block": true,
    "children": null,
    "content": "",
    "hidden": false,
    "info": "",
    "level": 0,
    "map": Array [
      11,
      16,
    ],
    "markup": "-",
    "meta": null,
    "nesting": 1,
    "tag": "div",
    "type": "tab_open",
  },
  Object {
    "block": false,
    "children": Array [
      Object {
        "attrs": null,
        "block": false,
        "children": null,
        "content": "Tab 3",
        "hidden": false,
        "info": "",
        "level": 0,
        "map": null,
        "markup": "",
        "meta": null,
        "nesting": 0,
        "tag": "",
        "type": "text",
      },
    ],
    "content": "",
    "hidden": false,
    "info": "",
    "level": 0,
    "map": null,
    "markup": "",
    "meta": null,
    "nesting": 0,
    "tag": "",
    "type": "inline",
  },
  Object {
    "block": true,
    "children": null,
    "content": "",
    "hidden": false,
    "info": "",
    "level": 0,
    "map": null,
    "markup": "",
    "meta": null,
    "nesting": -1,
    "tag": "div",
    "type": "tab_close",
  },
  Object {
    "block": true,
    "children": null,
    "content": "",
    "hidden": false,
    "info": "",
    "level": 0,
    "map": null,
    "markup": "",
    "meta": null,
    "nesting": -1,
    "tag": "div",
    "type": "tab-list_close",
  },
  Object {
    "block": true,
    "children": null,
    "content": "",
    "hidden": false,
    "info": "",
    "level": 0,
    "map": Array [
      4,
      5,
    ],
    "markup": "",
    "meta": null,
    "nesting": 1,
    "tag": "div",
    "type": "tab-panel_open",
  },
  Object {
    "block": true,
    "children": null,
    "content": "",
    "hidden": false,
    "info": "",
    "level": 2,
    "map": Array [
      4,
      5,
    ],
    "markup": "",
    "meta": null,
    "nesting": 1,
    "tag": "p",
    "type": "paragraph_open",
  },
  Object {
    "block": true,
    "children": Array [
      Object {
        "attrs": null,
        "block": false,
        "children": null,
        "content": "Content 1",
        "hidden": false,
        "info": "",
        "level": 0,
        "map": null,
        "markup": "",
        "meta": null,
        "nesting": 0,
        "tag": "",
        "type": "text",
      },
    ],
    "content": "Content 1",
    "hidden": false,
    "info": "",
    "level": 3,
    "map": Array [
      4,
      5,
    ],
    "markup": "",
    "meta": null,
    "nesting": 0,
    "tag": "",
    "type": "inline",
  },
  Object {
    "block": true,
    "children": null,
    "content": "",
    "hidden": false,
    "info": "",
    "level": 2,
    "map": null,
    "markup": "",
    "meta": null,
    "nesting": -1,
    "tag": "p",
    "type": "paragraph_close",
  },
  Object {
    "block": true,
    "children": null,
    "content": "",
    "hidden": false,
    "info": "",
    "level": 0,
    "map": null,
    "markup": "",
    "meta": null,
    "nesting": -1,
    "tag": "div",
    "type": "tab-panel_close",
  },
  Object {
    "block": true,
    "children": null,
    "content": "",
    "hidden": false,
    "info": "",
    "level": 0,
    "map": Array [
      8,
      10,
    ],
    "markup": "",
    "meta": null,
    "nesting": 1,
    "tag": "div",
    "type": "tab-panel_open",
  },
  Object {
    "block": true,
    "children": null,
    "content": "",
    "hidden": false,
    "info": "",
    "level": 2,
    "map": Array [
      8,
      11,
    ],
    "markup": "-",
    "meta": null,
    "nesting": 1,
    "tag": "ul",
    "type": "bullet_list_open",
  },
  Object {
    "block": true,
    "children": null,
    "content": "",
    "hidden": false,
    "info": "",
    "level": 3,
    "map": Array [
      8,
      9,
    ],
    "markup": "-",
    "meta": null,
    "nesting": 1,
    "tag": "li",
    "type": "list_item_open",
  },
  Object {
    "block": true,
    "children": null,
    "content": "",
    "hidden": true,
    "info": "",
    "level": 4,
    "map": Array [
      8,
      9,
    ],
    "markup": "",
    "meta": null,
    "nesting": 1,
    "tag": "p",
    "type": "paragraph_open",
  },
  Object {
    "block": true,
    "children": Array [
      Object {
        "attrs": null,
        "block": false,
        "children": null,
        "content": "List in tab 2",
        "hidden": false,
        "info": "",
        "level": 0,
        "map": null,
        "markup": "",
        "meta": null,
        "nesting": 0,
        "tag": "",
        "type": "text",
      },
    ],
    "content": "List in tab 2",
    "hidden": false,
    "info": "",
    "level": 5,
    "map": Array [
      8,
      9,
    ],
    "markup": "",
    "meta": null,
    "nesting": 0,
    "tag": "",
    "type": "inline",
  },
  Object {
    "block": true,
    "children": null,
    "content": "",
    "hidden": true,
    "info": "",
    "level": 4,
    "map": null,
    "markup": "",
    "meta": null,
    "nesting": -1,
    "tag": "p",
    "type": "paragraph_close",
  },
  Object {
    "block": true,
    "children": null,
    "content": "",
    "hidden": false,
    "info": "",
    "level": 3,
    "map": null,
    "markup": "-",
    "meta": null,
    "nesting": -1,
    "tag": "li",
    "type": "list_item_close",
  },
  Object {
    "block": true,
    "children": null,
    "content": "",
    "hidden": false,
    "info": "",
    "level": 3,
    "map": Array [
      9,
      11,
    ],
    "markup": "-",
    "meta": null,
    "nesting": 1,
    "tag": "li",
    "type": "list_item_open",
  },
  Object {
    "block": true,
    "children": null,
    "content": "",
    "hidden": true,
    "info": "",
    "level": 4,
    "map": Array [
      9,
      10,
    ],
    "markup": "",
    "meta": null,
    "nesting": 1,
    "tag": "p",
    "type": "paragraph_open",
  },
  Object {
    "block": true,
    "children": Array [
      Object {
        "attrs": null,
        "block": false,
        "children": null,
        "content": "Another item",
        "hidden": false,
        "info": "",
        "level": 0,
        "map": null,
        "markup": "",
        "meta": null,
        "nesting": 0,
        "tag": "",
        "type": "text",
      },
    ],
    "content": "Another item",
    "hidden": false,
    "info": "",
    "level": 5,
    "map": Array [
      9,
      10,
    ],
    "markup": "",
    "meta": null,
    "nesting": 0,
    "tag": "",
    "type": "inline",
  },
  Object {
    "block": true,
    "children": null,
    "content": "",
    "hidden": true,
    "info": "",
    "level": 4,
    "map": null,
    "markup": "",
    "meta": null,
    "nesting": -1,
    "tag": "p",
    "type": "paragraph_close",
  },
  Object {
    "block": true,
    "children": null,
    "content": "",
    "hidden": false,
    "info": "",
    "level": 3,
    "map": null,
    "markup": "-",
    "meta": null,
    "nesting": -1,
    "tag": "li",
    "type": "list_item_close",
  },
  Object {
    "block": true,
    "children": null,
    "content": "",
    "hidden": false,
    "info": "",
    "level": 2,
    "map": null,
    "markup": "-",
    "meta": null,
    "nesting": -1,
    "tag": "ul",
    "type": "bullet_list_close",
  },
  Object {
    "block": true,
    "children": null,
    "content": "",
    "hidden": false,
    "info": "",
    "level": 0,
    "map": null,
    "markup": "",
    "meta": null,
    "nesting": -1,
    "tag": "div",
    "type": "tab-panel_close",
  },
  Object {
    "block": true,
    "children": null,
    "content": "",
    "hidden": false,
    "info": "",
    "level": 0,
    "map": Array [
      13,
      14,
    ],
    "markup": "",
    "meta": null,
    "nesting": 1,
    "tag": "div",
    "type": "tab-panel_open",
  },
  Object {
    "block": true,
    "children": null,
    "content": "",
    "hidden": false,
    "info": "",
    "level": 2,
    "map": Array [
      13,
      14,
    ],
    "markup": "",
    "meta": null,
    "nesting": 1,
    "tag": "p",
    "type": "paragraph_open",
  },
  Object {
    "block": true,
    "children": Array [
      Object {
        "attrs": null,
        "block": false,
        "children": null,
        "content": "Content 3",
        "hidden": false,
        "info": "",
        "level": 0,
        "map": null,
        "markup": "",
        "meta": null,
        "nesting": 0,
        "tag": "",
        "type": "text",
      },
    ],
    "content": "Content 3",
    "hidden": false,
    "info": "",
    "level": 3,
    "map": Array [
      13,
      14,
    ],
    "markup": "",
    "meta": null,
    "nesting": 0,
    "tag": "",
    "type": "inline",
  },
  Object {
    "block": true,
    "children": null,
    "content": "",
    "hidden": false,
    "info": "",
    "level": 2,
    "map": null,
    "markup": "",
    "meta": null,
    "nesting": -1,
    "tag": "p",
    "type": "paragraph_close",
  },
  Object {
    "block": true,
    "children": null,
    "content": "",
    "hidden": false,
    "info": "",
    "level": 0,
    "map": null,
    "markup": "",
    "meta": null,
    "nesting": -1,
    "tag": "div",
    "type": "tab-panel_close",
  },
  Object {
    "block": true,
    "children": null,
    "content": "",
    "hidden": false,
    "info": "",
    "level": 0,
    "map": null,
    "markup": "",
    "meta": null,
    "nesting": -1,
    "tag": "div",
    "type": "tabs_close",
  },
]
`;

exports[`plugin > should handle tabs inside a deep lists depth with indented endlist 1`] = `
Array [
  Object {
    "block": true,
    "children": null,
    "content": "",
    "hidden": false,
    "info": "",
    "level": 0,
    "map": Array [
      0,
      15,
    ],
    "markup": "-",
    "meta": null,
    "nesting": 1,
    "tag": "ul",
    "type": "bullet_list_open",
  },
  Object {
    "block": true,
    "children": null,
    "content": "",
    "hidden": false,
    "info": "",
    "level": 1,
    "map": Array [
      0,
      15,
    ],
    "markup": "-",
    "meta": null,
    "nesting": 1,
    "tag": "li",
    "type": "list_item_open",
  },
  Object {
    "block": true,
    "children": null,
    "content": "",
    "hidden": false,
    "info": "",
    "level": 2,
    "map": Array [
      0,
      1,
    ],
    "markup": "",
    "meta": null,
    "nesting": 1,
    "tag": "p",
    "type": "paragraph_open",
  },
  Object {
    "block": true,
    "children": Array [
      Object {
        "attrs": null,
        "block": false,
        "children": null,
        "content": "list one",
        "hidden": false,
        "info": "",
        "level": 0,
        "map": null,
        "markup": "",
        "meta": null,
        "nesting": 0,
        "tag": "",
        "type": "text",
      },
    ],
    "content": "list one",
    "hidden": false,
    "info": "",
    "level": 3,
    "map": Array [
      0,
      1,
    ],
    "markup": "",
    "meta": null,
    "nesting": 0,
    "tag": "",
    "type": "inline",
  },
  Object {
    "block": true,
    "children": null,
    "content": "",
    "hidden": false,
    "info": "",
    "level": 2,
    "map": null,
    "markup": "",
    "meta": null,
    "nesting": -1,
    "tag": "p",
    "type": "paragraph_close",
  },
  Object {
    "block": true,
    "children": null,
    "content": "",
    "hidden": false,
    "info": "",
    "level": 2,
    "map": Array [
      2,
      15,
    ],
    "markup": "-",
    "meta": null,
    "nesting": 1,
    "tag": "ul",
    "type": "bullet_list_open",
  },
  Object {
    "block": true,
    "children": null,
    "content": "",
    "hidden": false,
    "info": "",
    "level": 3,
    "map": Array [
      2,
      15,
    ],
    "markup": "-",
    "meta": null,
    "nesting": 1,
    "tag": "li",
    "type": "list_item_open",
  },
  Object {
    "block": true,
    "children": null,
    "content": "",
    "hidden": false,
    "info": "",
    "level": 4,
    "map": Array [
      2,
      3,
    ],
    "markup": "",
    "meta": null,
    "nesting": 1,
    "tag": "p",
    "type": "paragraph_open",
  },
  Object {
    "block": true,
    "children": Array [
      Object {
        "attrs": null,
        "block": false,
        "children": null,
        "content": "list two",
        "hidden": false,
        "info": "",
        "level": 0,
        "map": null,
        "markup": "",
        "meta": null,
        "nesting": 0,
        "tag": "",
        "type": "text",
      },
    ],
    "content": "list two",
    "hidden": false,
    "info": "",
    "level": 5,
    "map": Array [
      2,
      3,
    ],
    "markup": "",
    "meta": null,
    "nesting": 0,
    "tag": "",
    "type": "inline",
  },
  Object {
    "block": true,
    "children": null,
    "content": "",
    "hidden": false,
    "info": "",
    "level": 4,
    "map": null,
    "markup": "",
    "meta": null,
    "nesting": -1,
    "tag": "p",
    "type": "paragraph_close",
  },
  Object {
    "block": true,
    "children": null,
    "content": "",
    "hidden": false,
    "info": "",
    "level": 4,
    "map": Array [
      4,
      15,
    ],
    "markup": "-",
    "meta": null,
    "nesting": 1,
    "tag": "ul",
    "type": "bullet_list_open",
  },
  Object {
    "block": true,
    "children": null,
    "content": "",
    "hidden": false,
    "info": "",
    "level": 5,
    "map": Array [
      4,
      15,
    ],
    "markup": "-",
    "meta": null,
    "nesting": 1,
    "tag": "li",
    "type": "list_item_open",
  },
  Object {
    "block": true,
    "children": null,
    "content": "",
    "hidden": false,
    "info": "",
    "level": 6,
    "map": Array [
      4,
      5,
    ],
    "markup": "",
    "meta": null,
    "nesting": 1,
    "tag": "p",
    "type": "paragraph_open",
  },
  Object {
    "block": true,
    "children": Array [
      Object {
        "attrs": null,
        "block": false,
        "children": null,
        "content": "list three",
        "hidden": false,
        "info": "",
        "level": 0,
        "map": null,
        "markup": "",
        "meta": null,
        "nesting": 0,
        "tag": "",
        "type": "text",
      },
    ],
    "content": "list three",
    "hidden": false,
    "info": "",
    "level": 7,
    "map": Array [
      4,
      5,
    ],
    "markup": "",
    "meta": null,
    "nesting": 0,
    "tag": "",
    "type": "inline",
  },
  Object {
    "block": true,
    "children": null,
    "content": "",
    "hidden": false,
    "info": "",
    "level": 6,
    "map": null,
    "markup": "",
    "meta": null,
    "nesting": -1,
    "tag": "p",
    "type": "paragraph_close",
  },
  Object {
    "block": true,
    "children": null,
    "content": "",
    "hidden": false,
    "info": "",
    "level": 6,
    "map": Array [
      6,
      15,
    ],
    "markup": "-",
    "meta": null,
    "nesting": 1,
    "tag": "ul",
    "type": "bullet_list_open",
  },
  Object {
    "block": true,
    "children": null,
    "content": "",
    "hidden": false,
    "info": "",
    "level": 7,
    "map": Array [
      6,
      15,
    ],
    "markup": "-",
    "meta": null,
    "nesting": 1,
    "tag": "li",
    "type": "list_item_open",
  },
  Object {
    "block": true,
    "children": null,
    "content": "",
    "hidden": false,
    "info": "",
    "level": 8,
    "map": Array [
      6,
      7,
    ],
    "markup": "",
    "meta": null,
    "nesting": 1,
    "tag": "p",
    "type": "paragraph_open",
  },
  Object {
    "block": true,
    "children": Array [
      Object {
        "attrs": null,
        "block": false,
        "children": null,
        "content": "list four",
        "hidden": false,
        "info": "",
        "level": 0,
        "map": null,
        "markup": "",
        "meta": null,
        "nesting": 0,
        "tag": "",
        "type": "text",
      },
    ],
    "content": "list four",
    "hidden": false,
    "info": "",
    "level": 9,
    "map": Array [
      6,
      7,
    ],
    "markup": "",
    "meta": null,
    "nesting": 0,
    "tag": "",
    "type": "inline",
  },
  Object {
    "block": true,
    "children": null,
    "content": "",
    "hidden": false,
    "info": "",
    "level": 8,
    "map": null,
    "markup": "",
    "meta": null,
    "nesting": -1,
    "tag": "p",
    "type": "paragraph_close",
  },
  Object {
    "block": true,
    "children": null,
    "content": "",
    "hidden": false,
    "info": "",
    "level": 8,
    "map": Array [
      8,
      15,
    ],
    "markup": "-",
    "meta": null,
    "nesting": 1,
    "tag": "ul",
    "type": "bullet_list_open",
  },
  Object {
    "block": true,
    "children": null,
    "content": "",
    "hidden": false,
    "info": "",
    "level": 9,
    "map": Array [
      8,
      15,
    ],
    "markup": "-",
    "meta": null,
    "nesting": 1,
    "tag": "li",
    "type": "list_item_open",
  },
  Object {
    "block": true,
    "children": null,
    "content": "",
    "hidden": false,
    "info": "",
    "level": 10,
    "map": Array [
      8,
      9,
    ],
    "markup": "",
    "meta": null,
    "nesting": 1,
    "tag": "p",
    "type": "paragraph_open",
  },
  Object {
    "block": true,
    "children": Array [
      Object {
        "attrs": null,
        "block": false,
        "children": null,
        "content": "list five",
        "hidden": false,
        "info": "",
        "level": 0,
        "map": null,
        "markup": "",
        "meta": null,
        "nesting": 0,
        "tag": "",
        "type": "text",
      },
    ],
    "content": "list five",
    "hidden": false,
    "info": "",
    "level": 11,
    "map": Array [
      8,
      9,
    ],
    "markup": "",
    "meta": null,
    "nesting": 0,
    "tag": "",
    "type": "inline",
  },
  Object {
    "block": true,
    "children": null,
    "content": "",
    "hidden": false,
    "info": "",
    "level": 10,
    "map": null,
    "markup": "",
    "meta": null,
    "nesting": -1,
    "tag": "p",
    "type": "paragraph_close",
  },
  Object {
    "block": true,
    "children": null,
    "content": "",
    "hidden": false,
    "info": "",
    "level": 0,
    "map": null,
    "markup": "",
    "meta": null,
    "nesting": 1,
    "tag": "div",
    "type": "tabs_open",
  },
  Object {
    "block": true,
    "children": null,
    "content": "",
    "hidden": false,
    "info": "",
    "level": 0,
    "map": Array [
      12,
      15,
    ],
    "markup": "",
    "meta": null,
    "nesting": 1,
    "tag": "div",
    "type": "tab-list_open",
  },
  Object {
    "block": true,
    "children": null,
    "content": "",
    "hidden": false,
    "info": "",
    "level": 0,
    "map": Array [
      12,
      15,
    ],
    "markup": "-",
    "meta": null,
    "nesting": 1,
    "tag": "div",
    "type": "tab_open",
  },
  Object {
    "block": false,
    "children": Array [
      Object {
        "attrs": null,
        "block": false,
        "children": null,
        "content": "tab 1",
        "hidden": false,
        "info": "",
        "level": 0,
        "map": null,
        "markup": "",
        "meta": null,
        "nesting": 0,
        "tag": "",
        "type": "text",
      },
    ],
    "content": "",
    "hidden": false,
    "info": "",
    "level": 0,
    "map": null,
    "markup": "",
    "meta": null,
    "nesting": 0,
    "tag": "",
    "type": "inline",
  },
  Object {
    "block": true,
    "children": null,
    "content": "",
    "hidden": false,
    "info": "",
    "level": 0,
    "map": null,
    "markup": "",
    "meta": null,
    "nesting": -1,
    "tag": "div",
    "type": "tab_close",
  },
  Object {
    "block": true,
    "children": null,
    "content": "",
    "hidden": false,
    "info": "",
    "level": 0,
    "map": null,
    "markup": "",
    "meta": null,
    "nesting": -1,
    "tag": "div",
    "type": "tab-list_close",
  },
  Object {
    "block": true,
    "children": null,
    "content": "",
    "hidden": false,
    "info": "",
    "level": 0,
    "map": null,
    "markup": "",
    "meta": null,
    "nesting": 1,
    "tag": "div",
    "type": "tab-panel_open",
  },
  Object {
    "block": true,
    "children": null,
    "content": "",
    "hidden": false,
    "info": "",
    "level": 0,
    "map": null,
    "markup": "",
    "meta": null,
    "nesting": -1,
    "tag": "div",
    "type": "tab-panel_close",
  },
  Object {
    "block": true,
    "children": null,
    "content": "",
    "hidden": false,
    "info": "",
    "level": 0,
    "map": null,
    "markup": "",
    "meta": null,
    "nesting": -1,
    "tag": "div",
    "type": "tabs_close",
  },
  Object {
    "block": true,
    "children": null,
    "content": "",
    "hidden": false,
    "info": "",
    "level": 9,
    "map": null,
    "markup": "-",
    "meta": null,
    "nesting": -1,
    "tag": "li",
    "type": "list_item_close",
  },
  Object {
    "block": true,
    "children": null,
    "content": "",
    "hidden": false,
    "info": "",
    "level": 8,
    "map": null,
    "markup": "-",
    "meta": null,
    "nesting": -1,
    "tag": "ul",
    "type": "bullet_list_close",
  },
  Object {
    "block": true,
    "children": null,
    "content": "",
    "hidden": false,
    "info": "",
    "level": 7,
    "map": null,
    "markup": "-",
    "meta": null,
    "nesting": -1,
    "tag": "li",
    "type": "list_item_close",
  },
  Object {
    "block": true,
    "children": null,
    "content": "",
    "hidden": false,
    "info": "",
    "level": 6,
    "map": null,
    "markup": "-",
    "meta": null,
    "nesting": -1,
    "tag": "ul",
    "type": "bullet_list_close",
  },
  Object {
    "block": true,
    "children": null,
    "content": "",
    "hidden": false,
    "info": "",
    "level": 5,
    "map": null,
    "markup": "-",
    "meta": null,
    "nesting": -1,
    "tag": "li",
    "type": "list_item_close",
  },
  Object {
    "block": true,
    "children": null,
    "content": "",
    "hidden": false,
    "info": "",
    "level": 4,
    "map": null,
    "markup": "-",
    "meta": null,
    "nesting": -1,
    "tag": "ul",
    "type": "bullet_list_close",
  },
  Object {
    "block": true,
    "children": null,
    "content": "",
    "hidden": false,
    "info": "",
    "level": 3,
    "map": null,
    "markup": "-",
    "meta": null,
    "nesting": -1,
    "tag": "li",
    "type": "list_item_close",
  },
  Object {
    "block": true,
    "children": null,
    "content": "",
    "hidden": false,
    "info": "",
    "level": 2,
    "map": null,
    "markup": "-",
    "meta": null,
    "nesting": -1,
    "tag": "ul",
    "type": "bullet_list_close",
  },
  Object {
    "block": true,
    "children": null,
    "content": "",
    "hidden": false,
    "info": "",
    "level": 1,
    "map": null,
    "markup": "-",
    "meta": null,
    "nesting": -1,
    "tag": "li",
    "type": "list_item_close",
  },
  Object {
    "block": true,
    "children": null,
    "content": "",
    "hidden": false,
    "info": "",
    "level": 0,
    "map": null,
    "markup": "-",
    "meta": null,
    "nesting": -1,
    "tag": "ul",
    "type": "bullet_list_close",
  },
]
`;

exports[`plugin > should handle tabs inside a last list item 1`] = `
Array [
  Object {
    "block": true,
    "children": null,
    "content": "",
    "hidden": false,
    "info": "",
    "level": 0,
    "map": Array [
      0,
      15,
    ],
    "markup": "-",
    "meta": null,
    "nesting": 1,
    "tag": "ul",
    "type": "bullet_list_open",
  },
  Object {
    "block": true,
    "children": null,
    "content": "",
    "hidden": false,
    "info": "",
    "level": 1,
    "map": Array [
      0,
      2,
    ],
    "markup": "-",
    "meta": null,
    "nesting": 1,
    "tag": "li",
    "type": "list_item_open",
  },
  Object {
    "block": true,
    "children": null,
    "content": "",
    "hidden": false,
    "info": "",
    "level": 2,
    "map": Array [
      0,
      1,
    ],
    "markup": "",
    "meta": null,
    "nesting": 1,
    "tag": "p",
    "type": "paragraph_open",
  },
  Object {
    "block": true,
    "children": Array [
      Object {
        "attrs": null,
        "block": false,
        "children": null,
        "content": "First list item",
        "hidden": false,
        "info": "",
        "level": 0,
        "map": null,
        "markup": "",
        "meta": null,
        "nesting": 0,
        "tag": "",
        "type": "text",
      },
    ],
    "content": "First list item",
    "hidden": false,
    "info": "",
    "level": 3,
    "map": Array [
      0,
      1,
    ],
    "markup": "",
    "meta": null,
    "nesting": 0,
    "tag": "",
    "type": "inline",
  },
  Object {
    "block": true,
    "children": null,
    "content": "",
    "hidden": false,
    "info": "",
    "level": 2,
    "map": null,
    "markup": "",
    "meta": null,
    "nesting": -1,
    "tag": "p",
    "type": "paragraph_close",
  },
  Object {
    "block": true,
    "children": null,
    "content": "",
    "hidden": false,
    "info": "",
    "level": 1,
    "map": null,
    "markup": "-",
    "meta": null,
    "nesting": -1,
    "tag": "li",
    "type": "list_item_close",
  },
  Object {
    "block": true,
    "children": null,
    "content": "",
    "hidden": false,
    "info": "",
    "level": 1,
    "map": Array [
      2,
      15,
    ],
    "markup": "-",
    "meta": null,
    "nesting": 1,
    "tag": "li",
    "type": "list_item_open",
  },
  Object {
    "block": true,
    "children": null,
    "content": "",
    "hidden": false,
    "info": "",
    "level": 2,
    "map": Array [
      2,
      3,
    ],
    "markup": "",
    "meta": null,
    "nesting": 1,
    "tag": "p",
    "type": "paragraph_open",
  },
  Object {
    "block": true,
    "children": Array [
      Object {
        "attrs": null,
        "block": false,
        "children": null,
        "content": "Last list item",
        "hidden": false,
        "info": "",
        "level": 0,
        "map": null,
        "markup": "",
        "meta": null,
        "nesting": 0,
        "tag": "",
        "type": "text",
      },
    ],
    "content": "Last list item",
    "hidden": false,
    "info": "",
    "level": 3,
    "map": Array [
      2,
      3,
    ],
    "markup": "",
    "meta": null,
    "nesting": 0,
    "tag": "",
    "type": "inline",
  },
  Object {
    "block": true,
    "children": null,
    "content": "",
    "hidden": false,
    "info": "",
    "level": 2,
    "map": null,
    "markup": "",
    "meta": null,
    "nesting": -1,
    "tag": "p",
    "type": "paragraph_close",
  },
  Object {
    "block": true,
    "children": null,
    "content": "",
    "hidden": false,
    "info": "",
    "level": 0,
    "map": null,
    "markup": "",
    "meta": null,
    "nesting": 1,
    "tag": "div",
    "type": "tabs_open",
  },
  Object {
    "block": true,
    "children": null,
    "content": "",
    "hidden": false,
    "info": "",
    "level": 0,
    "map": Array [
      6,
      15,
    ],
    "markup": "",
    "meta": null,
    "nesting": 1,
    "tag": "div",
    "type": "tab-list_open",
  },
  Object {
    "block": true,
    "children": null,
    "content": "",
    "hidden": false,
    "info": "",
    "level": 0,
    "map": Array [
      6,
      10,
    ],
    "markup": "-",
    "meta": null,
    "nesting": 1,
    "tag": "div",
    "type": "tab_open",
  },
  Object {
    "block": false,
    "children": Array [
      Object {
        "attrs": null,
        "block": false,
        "children": null,
        "content": "Tab 1",
        "hidden": false,
        "info": "",
        "level": 0,
        "map": null,
        "markup": "",
        "meta": null,
        "nesting": 0,
        "tag": "",
        "type": "text",
      },
    ],
    "content": "",
    "hidden": false,
    "info": "",
    "level": 0,
    "map": null,
    "markup": "",
    "meta": null,
    "nesting": 0,
    "tag": "",
    "type": "inline",
  },
  Object {
    "block": true,
    "children": null,
    "content": "",
    "hidden": false,
    "info": "",
    "level": 0,
    "map": null,
    "markup": "",
    "meta": null,
    "nesting": -1,
    "tag": "div",
    "type": "tab_close",
  },
  Object {
    "block": true,
    "children": null,
    "content": "",
    "hidden": false,
    "info": "",
    "level": 0,
    "map": Array [
      10,
      15,
    ],
    "markup": "-",
    "meta": null,
    "nesting": 1,
    "tag": "div",
    "type": "tab_open",
  },
  Object {
    "block": false,
    "children": Array [
      Object {
        "attrs": null,
        "block": false,
        "children": null,
        "content": "Tab 2",
        "hidden": false,
        "info": "",
        "level": 0,
        "map": null,
        "markup": "",
        "meta": null,
        "nesting": 0,
        "tag": "",
        "type": "text",
      },
    ],
    "content": "",
    "hidden": false,
    "info": "",
    "level": 0,
    "map": null,
    "markup": "",
    "meta": null,
    "nesting": 0,
    "tag": "",
    "type": "inline",
  },
  Object {
    "block": true,
    "children": null,
    "content": "",
    "hidden": false,
    "info": "",
    "level": 0,
    "map": null,
    "markup": "",
    "meta": null,
    "nesting": -1,
    "tag": "div",
    "type": "tab_close",
  },
  Object {
    "block": true,
    "children": null,
    "content": "",
    "hidden": false,
    "info": "",
    "level": 0,
    "map": null,
    "markup": "",
    "meta": null,
    "nesting": -1,
    "tag": "div",
    "type": "tab-list_close",
  },
  Object {
    "block": true,
    "children": null,
    "content": "",
    "hidden": false,
    "info": "",
    "level": 0,
    "map": Array [
      8,
      9,
    ],
    "markup": "",
    "meta": null,
    "nesting": 1,
    "tag": "div",
    "type": "tab-panel_open",
  },
  Object {
    "block": true,
    "children": null,
    "content": "",
    "hidden": false,
    "info": "",
    "level": 4,
    "map": Array [
      8,
      9,
    ],
    "markup": "",
    "meta": null,
    "nesting": 1,
    "tag": "p",
    "type": "paragraph_open",
  },
  Object {
    "block": true,
    "children": Array [
      Object {
        "attrs": null,
        "block": false,
        "children": null,
        "content": "Content of tab 1",
        "hidden": false,
        "info": "",
        "level": 0,
        "map": null,
        "markup": "",
        "meta": null,
        "nesting": 0,
        "tag": "",
        "type": "text",
      },
    ],
    "content": "Content of tab 1",
    "hidden": false,
    "info": "",
    "level": 5,
    "map": Array [
      8,
      9,
    ],
    "markup": "",
    "meta": null,
    "nesting": 0,
    "tag": "",
    "type": "inline",
  },
  Object {
    "block": true,
    "children": null,
    "content": "",
    "hidden": false,
    "info": "",
    "level": 4,
    "map": null,
    "markup": "",
    "meta": null,
    "nesting": -1,
    "tag": "p",
    "type": "paragraph_close",
  },
  Object {
    "block": true,
    "children": null,
    "content": "",
    "hidden": false,
    "info": "",
    "level": 0,
    "map": null,
    "markup": "",
    "meta": null,
    "nesting": -1,
    "tag": "div",
    "type": "tab-panel_close",
  },
  Object {
    "block": true,
    "children": null,
    "content": "",
    "hidden": false,
    "info": "",
    "level": 0,
    "map": Array [
      12,
      13,
    ],
    "markup": "",
    "meta": null,
    "nesting": 1,
    "tag": "div",
    "type": "tab-panel_open",
  },
  Object {
    "block": true,
    "children": null,
    "content": "",
    "hidden": false,
    "info": "",
    "level": 4,
    "map": Array [
      12,
      13,
    ],
    "markup": "",
    "meta": null,
    "nesting": 1,
    "tag": "p",
    "type": "paragraph_open",
  },
  Object {
    "block": true,
    "children": Array [
      Object {
        "attrs": null,
        "block": false,
        "children": null,
        "content": "Content of tab 2",
        "hidden": false,
        "info": "",
        "level": 0,
        "map": null,
        "markup": "",
        "meta": null,
        "nesting": 0,
        "tag": "",
        "type": "text",
      },
    ],
    "content": "Content of tab 2",
    "hidden": false,
    "info": "",
    "level": 5,
    "map": Array [
      12,
      13,
    ],
    "markup": "",
    "meta": null,
    "nesting": 0,
    "tag": "",
    "type": "inline",
  },
  Object {
    "block": true,
    "children": null,
    "content": "",
    "hidden": false,
    "info": "",
    "level": 4,
    "map": null,
    "markup": "",
    "meta": null,
    "nesting": -1,
    "tag": "p",
    "type": "paragraph_close",
  },
  Object {
    "block": true,
    "children": null,
    "content": "",
    "hidden": false,
    "info": "",
    "level": 0,
    "map": null,
    "markup": "",
    "meta": null,
    "nesting": -1,
    "tag": "div",
    "type": "tab-panel_close",
  },
  Object {
    "block": true,
    "children": null,
    "content": "",
    "hidden": false,
    "info": "",
    "level": 0,
    "map": null,
    "markup": "",
    "meta": null,
    "nesting": -1,
    "tag": "div",
    "type": "tabs_close",
  },
  Object {
    "block": true,
    "children": null,
    "content": "",
    "hidden": false,
    "info": "",
    "level": 1,
    "map": null,
    "markup": "-",
    "meta": null,
    "nesting": -1,
    "tag": "li",
    "type": "list_item_close",
  },
  Object {
    "block": true,
    "children": null,
    "content": "",
    "hidden": false,
    "info": "",
    "level": 0,
    "map": null,
    "markup": "-",
    "meta": null,
    "nesting": -1,
    "tag": "ul",
    "type": "bullet_list_close",
  },
]
`;

exports[`plugin > should handle tabs inside a list item 1`] = `
Array [
  Object {
    "block": true,
    "children": null,
    "content": "",
    "hidden": false,
    "info": "",
    "level": 0,
    "map": Array [
      0,
      15,
    ],
    "markup": "-",
    "meta": null,
    "nesting": 1,
    "tag": "ul",
    "type": "bullet_list_open",
  },
  Object {
    "block": true,
    "children": null,
    "content": "",
    "hidden": false,
    "info": "",
    "level": 1,
    "map": Array [
      0,
      14,
    ],
    "markup": "-",
    "meta": null,
    "nesting": 1,
    "tag": "li",
    "type": "list_item_open",
  },
  Object {
    "block": true,
    "children": null,
    "content": "",
    "hidden": false,
    "info": "",
    "level": 2,
    "map": Array [
      0,
      1,
    ],
    "markup": "",
    "meta": null,
    "nesting": 1,
    "tag": "p",
    "type": "paragraph_open",
  },
  Object {
    "block": true,
    "children": Array [
      Object {
        "attrs": null,
        "block": false,
        "children": null,
        "content": "Outer list item",
        "hidden": false,
        "info": "",
        "level": 0,
        "map": null,
        "markup": "",
        "meta": null,
        "nesting": 0,
        "tag": "",
        "type": "text",
      },
    ],
    "content": "Outer list item",
    "hidden": false,
    "info": "",
    "level": 3,
    "map": Array [
      0,
      1,
    ],
    "markup": "",
    "meta": null,
    "nesting": 0,
    "tag": "",
    "type": "inline",
  },
  Object {
    "block": true,
    "children": null,
    "content": "",
    "hidden": false,
    "info": "",
    "level": 2,
    "map": null,
    "markup": "",
    "meta": null,
    "nesting": -1,
    "tag": "p",
    "type": "paragraph_close",
  },
  Object {
    "block": true,
    "children": null,
    "content": "",
    "hidden": false,
    "info": "",
    "level": 0,
    "map": null,
    "markup": "",
    "meta": null,
    "nesting": 1,
    "tag": "div",
    "type": "tabs_open",
  },
  Object {
    "block": true,
    "children": null,
    "content": "",
    "hidden": false,
    "info": "",
    "level": 0,
    "map": Array [
      4,
      12,
    ],
    "markup": "",
    "meta": null,
    "nesting": 1,
    "tag": "div",
    "type": "tab-list_open",
  },
  Object {
    "block": true,
    "children": null,
    "content": "",
    "hidden": false,
    "info": "",
    "level": 0,
    "map": Array [
      4,
      8,
    ],
    "markup": "-",
    "meta": null,
    "nesting": 1,
    "tag": "div",
    "type": "tab_open",
  },
  Object {
    "block": false,
    "children": Array [
      Object {
        "attrs": null,
        "block": false,
        "children": null,
        "content": "Tab 1",
        "hidden": false,
        "info": "",
        "level": 0,
        "map": null,
        "markup": "",
        "meta": null,
        "nesting": 0,
        "tag": "",
        "type": "text",
      },
    ],
    "content": "",
    "hidden": false,
    "info": "",
    "level": 0,
    "map": null,
    "markup": "",
    "meta": null,
    "nesting": 0,
    "tag": "",
    "type": "inline",
  },
  Object {
    "block": true,
    "children": null,
    "content": "",
    "hidden": false,
    "info": "",
    "level": 0,
    "map": null,
    "markup": "",
    "meta": null,
    "nesting": -1,
    "tag": "div",
    "type": "tab_close",
  },
  Object {
    "block": true,
    "children": null,
    "content": "",
    "hidden": false,
    "info": "",
    "level": 0,
    "map": Array [
      8,
      12,
    ],
    "markup": "-",
    "meta": null,
    "nesting": 1,
    "tag": "div",
    "type": "tab_open",
  },
  Object {
    "block": false,
    "children": Array [
      Object {
        "attrs": null,
        "block": false,
        "children": null,
        "content": "Tab 2",
        "hidden": false,
        "info": "",
        "level": 0,
        "map": null,
        "markup": "",
        "meta": null,
        "nesting": 0,
        "tag": "",
        "type": "text",
      },
    ],
    "content": "",
    "hidden": false,
    "info": "",
    "level": 0,
    "map": null,
    "markup": "",
    "meta": null,
    "nesting": 0,
    "tag": "",
    "type": "inline",
  },
  Object {
    "block": true,
    "children": null,
    "content": "",
    "hidden": false,
    "info": "",
    "level": 0,
    "map": null,
    "markup": "",
    "meta": null,
    "nesting": -1,
    "tag": "div",
    "type": "tab_close",
  },
  Object {
    "block": true,
    "children": null,
    "content": "",
    "hidden": false,
    "info": "",
    "level": 0,
    "map": null,
    "markup": "",
    "meta": null,
    "nesting": -1,
    "tag": "div",
    "type": "tab-list_close",
  },
  Object {
    "block": true,
    "children": null,
    "content": "",
    "hidden": false,
    "info": "",
    "level": 0,
    "map": Array [
      6,
      7,
    ],
    "markup": "",
    "meta": null,
    "nesting": 1,
    "tag": "div",
    "type": "tab-panel_open",
  },
  Object {
    "block": true,
    "children": null,
    "content": "",
    "hidden": false,
    "info": "",
    "level": 4,
    "map": Array [
      6,
      7,
    ],
    "markup": "",
    "meta": null,
    "nesting": 1,
    "tag": "p",
    "type": "paragraph_open",
  },
  Object {
    "block": true,
    "children": Array [
      Object {
        "attrs": null,
        "block": false,
        "children": null,
        "content": "Content of tab 1",
        "hidden": false,
        "info": "",
        "level": 0,
        "map": null,
        "markup": "",
        "meta": null,
        "nesting": 0,
        "tag": "",
        "type": "text",
      },
    ],
    "content": "Content of tab 1",
    "hidden": false,
    "info": "",
    "level": 5,
    "map": Array [
      6,
      7,
    ],
    "markup": "",
    "meta": null,
    "nesting": 0,
    "tag": "",
    "type": "inline",
  },
  Object {
    "block": true,
    "children": null,
    "content": "",
    "hidden": false,
    "info": "",
    "level": 4,
    "map": null,
    "markup": "",
    "meta": null,
    "nesting": -1,
    "tag": "p",
    "type": "paragraph_close",
  },
  Object {
    "block": true,
    "children": null,
    "content": "",
    "hidden": false,
    "info": "",
    "level": 0,
    "map": null,
    "markup": "",
    "meta": null,
    "nesting": -1,
    "tag": "div",
    "type": "tab-panel_close",
  },
  Object {
    "block": true,
    "children": null,
    "content": "",
    "hidden": false,
    "info": "",
    "level": 0,
    "map": Array [
      10,
      11,
    ],
    "markup": "",
    "meta": null,
    "nesting": 1,
    "tag": "div",
    "type": "tab-panel_open",
  },
  Object {
    "block": true,
    "children": null,
    "content": "",
    "hidden": false,
    "info": "",
    "level": 4,
    "map": Array [
      10,
      11,
    ],
    "markup": "",
    "meta": null,
    "nesting": 1,
    "tag": "p",
    "type": "paragraph_open",
  },
  Object {
    "block": true,
    "children": Array [
      Object {
        "attrs": null,
        "block": false,
        "children": null,
        "content": "Content of tab 2",
        "hidden": false,
        "info": "",
        "level": 0,
        "map": null,
        "markup": "",
        "meta": null,
        "nesting": 0,
        "tag": "",
        "type": "text",
      },
    ],
    "content": "Content of tab 2",
    "hidden": false,
    "info": "",
    "level": 5,
    "map": Array [
      10,
      11,
    ],
    "markup": "",
    "meta": null,
    "nesting": 0,
    "tag": "",
    "type": "inline",
  },
  Object {
    "block": true,
    "children": null,
    "content": "",
    "hidden": false,
    "info": "",
    "level": 4,
    "map": null,
    "markup": "",
    "meta": null,
    "nesting": -1,
    "tag": "p",
    "type": "paragraph_close",
  },
  Object {
    "block": true,
    "children": null,
    "content": "",
    "hidden": false,
    "info": "",
    "level": 0,
    "map": null,
    "markup": "",
    "meta": null,
    "nesting": -1,
    "tag": "div",
    "type": "tab-panel_close",
  },
  Object {
    "block": true,
    "children": null,
    "content": "",
    "hidden": false,
    "info": "",
    "level": 0,
    "map": null,
    "markup": "",
    "meta": null,
    "nesting": -1,
    "tag": "div",
    "type": "tabs_close",
  },
  Object {
    "block": true,
    "children": null,
    "content": "",
    "hidden": false,
    "info": "",
    "level": 1,
    "map": null,
    "markup": "-",
    "meta": null,
    "nesting": -1,
    "tag": "li",
    "type": "list_item_close",
  },
  Object {
    "block": true,
    "children": null,
    "content": "",
    "hidden": false,
    "info": "",
    "level": 1,
    "map": Array [
      14,
      15,
    ],
    "markup": "-",
    "meta": null,
    "nesting": 1,
    "tag": "li",
    "type": "list_item_open",
  },
  Object {
    "block": true,
    "children": null,
    "content": "",
    "hidden": false,
    "info": "",
    "level": 2,
    "map": Array [
      14,
      15,
    ],
    "markup": "",
    "meta": null,
    "nesting": 1,
    "tag": "p",
    "type": "paragraph_open",
  },
  Object {
    "block": true,
    "children": Array [
      Object {
        "attrs": null,
        "block": false,
        "children": null,
        "content": "Another list item",
        "hidden": false,
        "info": "",
        "level": 0,
        "map": null,
        "markup": "",
        "meta": null,
        "nesting": 0,
        "tag": "",
        "type": "text",
      },
    ],
    "content": "Another list item",
    "hidden": false,
    "info": "",
    "level": 3,
    "map": Array [
      14,
      15,
    ],
    "markup": "",
    "meta": null,
    "nesting": 0,
    "tag": "",
    "type": "inline",
  },
  Object {
    "block": true,
    "children": null,
    "content": "",
    "hidden": false,
    "info": "",
    "level": 2,
    "map": null,
    "markup": "",
    "meta": null,
    "nesting": -1,
    "tag": "p",
    "type": "paragraph_close",
  },
  Object {
    "block": true,
    "children": null,
    "content": "",
    "hidden": false,
    "info": "",
    "level": 1,
    "map": null,
    "markup": "-",
    "meta": null,
    "nesting": -1,
    "tag": "li",
    "type": "list_item_close",
  },
  Object {
    "block": true,
    "children": null,
    "content": "",
    "hidden": false,
    "info": "",
    "level": 0,
    "map": null,
    "markup": "-",
    "meta": null,
    "nesting": -1,
    "tag": "ul",
    "type": "bullet_list_close",
  },
]
`;

exports[`plugin > should handle tabs inside ordered list with indented endlist 1`] = `
Array [
  Object {
    "block": true,
    "children": null,
    "content": "",
    "hidden": false,
    "info": "",
    "level": 0,
    "map": Array [
      0,
      9,
    ],
    "markup": ".",
    "meta": null,
    "nesting": 1,
    "tag": "ol",
    "type": "ordered_list_open",
  },
  Object {
    "block": true,
    "children": null,
    "content": "",
    "hidden": false,
    "info": "1",
    "level": 1,
    "map": Array [
      0,
      9,
    ],
    "markup": ".",
    "meta": null,
    "nesting": 1,
    "tag": "li",
    "type": "list_item_open",
  },
  Object {
    "block": true,
    "children": null,
    "content": "",
    "hidden": false,
    "info": "",
    "level": 2,
    "map": Array [
      0,
      1,
    ],
    "markup": "",
    "meta": null,
    "nesting": 1,
    "tag": "p",
    "type": "paragraph_open",
  },
  Object {
    "block": true,
    "children": Array [
      Object {
        "attrs": null,
        "block": false,
        "children": null,
        "content": "First item",
        "hidden": false,
        "info": "",
        "level": 0,
        "map": null,
        "markup": "",
        "meta": null,
        "nesting": 0,
        "tag": "",
        "type": "text",
      },
    ],
    "content": "First item",
    "hidden": false,
    "info": "",
    "level": 3,
    "map": Array [
      0,
      1,
    ],
    "markup": "",
    "meta": null,
    "nesting": 0,
    "tag": "",
    "type": "inline",
  },
  Object {
    "block": true,
    "children": null,
    "content": "",
    "hidden": false,
    "info": "",
    "level": 2,
    "map": null,
    "markup": "",
    "meta": null,
    "nesting": -1,
    "tag": "p",
    "type": "paragraph_close",
  },
  Object {
    "block": true,
    "children": null,
    "content": "",
    "hidden": false,
    "info": "",
    "level": 0,
    "map": null,
    "markup": "",
    "meta": null,
    "nesting": 1,
    "tag": "div",
    "type": "tabs_open",
  },
  Object {
    "block": true,
    "children": null,
    "content": "",
    "hidden": false,
    "info": "",
    "level": 0,
    "map": Array [
      4,
      9,
    ],
    "markup": "",
    "meta": null,
    "nesting": 1,
    "tag": "div",
    "type": "tab-list_open",
  },
  Object {
    "block": true,
    "children": null,
    "content": "",
    "hidden": false,
    "info": "",
    "level": 0,
    "map": Array [
      4,
      9,
    ],
    "markup": "-",
    "meta": null,
    "nesting": 1,
    "tag": "div",
    "type": "tab_open",
  },
  Object {
    "block": false,
    "children": Array [
      Object {
        "attrs": null,
        "block": false,
        "children": null,
        "content": "Tab 1",
        "hidden": false,
        "info": "",
        "level": 0,
        "map": null,
        "markup": "",
        "meta": null,
        "nesting": 0,
        "tag": "",
        "type": "text",
      },
    ],
    "content": "",
    "hidden": false,
    "info": "",
    "level": 0,
    "map": null,
    "markup": "",
    "meta": null,
    "nesting": 0,
    "tag": "",
    "type": "inline",
  },
  Object {
    "block": true,
    "children": null,
    "content": "",
    "hidden": false,
    "info": "",
    "level": 0,
    "map": null,
    "markup": "",
    "meta": null,
    "nesting": -1,
    "tag": "div",
    "type": "tab_close",
  },
  Object {
    "block": true,
    "children": null,
    "content": "",
    "hidden": false,
    "info": "",
    "level": 0,
    "map": null,
    "markup": "",
    "meta": null,
    "nesting": -1,
    "tag": "div",
    "type": "tab-list_close",
  },
  Object {
    "block": true,
    "children": null,
    "content": "",
    "hidden": false,
    "info": "",
    "level": 0,
    "map": Array [
      6,
      7,
    ],
    "markup": "",
    "meta": null,
    "nesting": 1,
    "tag": "div",
    "type": "tab-panel_open",
  },
  Object {
    "block": true,
    "children": null,
    "content": "",
    "hidden": false,
    "info": "",
    "level": 4,
    "map": Array [
      6,
      7,
    ],
    "markup": "",
    "meta": null,
    "nesting": 1,
    "tag": "p",
    "type": "paragraph_open",
  },
  Object {
    "block": true,
    "children": Array [
      Object {
        "attrs": null,
        "block": false,
        "children": null,
        "content": "Content",
        "hidden": false,
        "info": "",
        "level": 0,
        "map": null,
        "markup": "",
        "meta": null,
        "nesting": 0,
        "tag": "",
        "type": "text",
      },
    ],
    "content": "Content",
    "hidden": false,
    "info": "",
    "level": 5,
    "map": Array [
      6,
      7,
    ],
    "markup": "",
    "meta": null,
    "nesting": 0,
    "tag": "",
    "type": "inline",
  },
  Object {
    "block": true,
    "children": null,
    "content": "",
    "hidden": false,
    "info": "",
    "level": 4,
    "map": null,
    "markup": "",
    "meta": null,
    "nesting": -1,
    "tag": "p",
    "type": "paragraph_close",
  },
  Object {
    "block": true,
    "children": null,
    "content": "",
    "hidden": false,
    "info": "",
    "level": 0,
    "map": null,
    "markup": "",
    "meta": null,
    "nesting": -1,
    "tag": "div",
    "type": "tab-panel_close",
  },
  Object {
    "block": true,
    "children": null,
    "content": "",
    "hidden": false,
    "info": "",
    "level": 0,
    "map": null,
    "markup": "",
    "meta": null,
    "nesting": -1,
    "tag": "div",
    "type": "tabs_close",
  },
  Object {
    "block": true,
    "children": null,
    "content": "",
    "hidden": false,
    "info": "",
    "level": 1,
    "map": null,
    "markup": ".",
    "meta": null,
    "nesting": -1,
    "tag": "li",
    "type": "list_item_close",
  },
  Object {
    "block": true,
    "children": null,
    "content": "",
    "hidden": false,
    "info": "",
    "level": 0,
    "map": null,
    "markup": ".",
    "meta": null,
    "nesting": -1,
    "tag": "ol",
    "type": "ordered_list_close",
  },
]
`;

exports[`plugin > should handle tabs with list inside and indented endlist 1`] = `
Array [
  Object {
    "block": true,
    "children": null,
    "content": "",
    "hidden": false,
    "info": "",
    "level": 0,
    "map": null,
    "markup": "",
    "meta": null,
    "nesting": 1,
    "tag": "div",
    "type": "tabs_open",
  },
  Object {
    "block": true,
    "children": null,
    "content": "",
    "hidden": false,
    "info": "",
    "level": 0,
    "map": Array [
      2,
      8,
    ],
    "markup": "",
    "meta": null,
    "nesting": 1,
    "tag": "div",
    "type": "tab-list_open",
  },
  Object {
    "block": true,
    "children": null,
    "content": "",
    "hidden": false,
    "info": "",
    "level": 0,
    "map": Array [
      2,
      8,
    ],
    "markup": "-",
    "meta": null,
    "nesting": 1,
    "tag": "div",
    "type": "tab_open",
  },
  Object {
    "block": false,
    "children": Array [
      Object {
        "attrs": null,
        "block": false,
        "children": null,
        "content": "Tab with nested list",
        "hidden": false,
        "info": "",
        "level": 0,
        "map": null,
        "markup": "",
        "meta": null,
        "nesting": 0,
        "tag": "",
        "type": "text",
      },
    ],
    "content": "",
    "hidden": false,
    "info": "",
    "level": 0,
    "map": null,
    "markup": "",
    "meta": null,
    "nesting": 0,
    "tag": "",
    "type": "inline",
  },
  Object {
    "block": true,
    "children": null,
    "content": "",
    "hidden": false,
    "info": "",
    "level": 0,
    "map": null,
    "markup": "",
    "meta": null,
    "nesting": -1,
    "tag": "div",
    "type": "tab_close",
  },
  Object {
    "block": true,
    "children": null,
    "content": "",
    "hidden": false,
    "info": "",
    "level": 0,
    "map": null,
    "markup": "",
    "meta": null,
    "nesting": -1,
    "tag": "div",
    "type": "tab-list_close",
  },
  Object {
    "block": true,
    "children": null,
    "content": "",
    "hidden": false,
    "info": "",
    "level": 0,
    "map": Array [
      4,
      6,
    ],
    "markup": "",
    "meta": null,
    "nesting": 1,
    "tag": "div",
    "type": "tab-panel_open",
  },
  Object {
    "block": true,
    "children": null,
    "content": "",
    "hidden": false,
    "info": "",
    "level": 2,
    "map": Array [
      4,
      7,
    ],
    "markup": "-",
    "meta": null,
    "nesting": 1,
    "tag": "ul",
    "type": "bullet_list_open",
  },
  Object {
    "block": true,
    "children": null,
    "content": "",
    "hidden": false,
    "info": "",
    "level": 3,
    "map": Array [
      4,
      5,
    ],
    "markup": "-",
    "meta": null,
    "nesting": 1,
    "tag": "li",
    "type": "list_item_open",
  },
  Object {
    "block": true,
    "children": null,
    "content": "",
    "hidden": true,
    "info": "",
    "level": 4,
    "map": Array [
      4,
      5,
    ],
    "markup": "",
    "meta": null,
    "nesting": 1,
    "tag": "p",
    "type": "paragraph_open",
  },
  Object {
    "block": true,
    "children": Array [
      Object {
        "attrs": null,
        "block": false,
        "children": null,
        "content": "Nested item 1",
        "hidden": false,
        "info": "",
        "level": 0,
        "map": null,
        "markup": "",
        "meta": null,
        "nesting": 0,
        "tag": "",
        "type": "text",
      },
    ],
    "content": "Nested item 1",
    "hidden": false,
    "info": "",
    "level": 5,
    "map": Array [
      4,
      5,
    ],
    "markup": "",
    "meta": null,
    "nesting": 0,
    "tag": "",
    "type": "inline",
  },
  Object {
    "block": true,
    "children": null,
    "content": "",
    "hidden": true,
    "info": "",
    "level": 4,
    "map": null,
    "markup": "",
    "meta": null,
    "nesting": -1,
    "tag": "p",
    "type": "paragraph_close",
  },
  Object {
    "block": true,
    "children": null,
    "content": "",
    "hidden": false,
    "info": "",
    "level": 3,
    "map": null,
    "markup": "-",
    "meta": null,
    "nesting": -1,
    "tag": "li",
    "type": "list_item_close",
  },
  Object {
    "block": true,
    "children": null,
    "content": "",
    "hidden": false,
    "info": "",
    "level": 3,
    "map": Array [
      5,
      7,
    ],
    "markup": "-",
    "meta": null,
    "nesting": 1,
    "tag": "li",
    "type": "list_item_open",
  },
  Object {
    "block": true,
    "children": null,
    "content": "",
    "hidden": true,
    "info": "",
    "level": 4,
    "map": Array [
      5,
      6,
    ],
    "markup": "",
    "meta": null,
    "nesting": 1,
    "tag": "p",
    "type": "paragraph_open",
  },
  Object {
    "block": true,
    "children": Array [
      Object {
        "attrs": null,
        "block": false,
        "children": null,
        "content": "Nested item 2",
        "hidden": false,
        "info": "",
        "level": 0,
        "map": null,
        "markup": "",
        "meta": null,
        "nesting": 0,
        "tag": "",
        "type": "text",
      },
    ],
    "content": "Nested item 2",
    "hidden": false,
    "info": "",
    "level": 5,
    "map": Array [
      5,
      6,
    ],
    "markup": "",
    "meta": null,
    "nesting": 0,
    "tag": "",
    "type": "inline",
  },
  Object {
    "block": true,
    "children": null,
    "content": "",
    "hidden": true,
    "info": "",
    "level": 4,
    "map": null,
    "markup": "",
    "meta": null,
    "nesting": -1,
    "tag": "p",
    "type": "paragraph_close",
  },
  Object {
    "block": true,
    "children": null,
    "content": "",
    "hidden": false,
    "info": "",
    "level": 3,
    "map": null,
    "markup": "-",
    "meta": null,
    "nesting": -1,
    "tag": "li",
    "type": "list_item_close",
  },
  Object {
    "block": true,
    "children": null,
    "content": "",
    "hidden": false,
    "info": "",
    "level": 2,
    "map": null,
    "markup": "-",
    "meta": null,
    "nesting": -1,
    "tag": "ul",
    "type": "bullet_list_close",
  },
  Object {
    "block": true,
    "children": null,
    "content": "",
    "hidden": false,
    "info": "",
    "level": 0,
    "map": null,
    "markup": "",
    "meta": null,
    "nesting": -1,
    "tag": "div",
    "type": "tab-panel_close",
  },
  Object {
    "block": true,
    "children": null,
    "content": "",
    "hidden": false,
    "info": "",
    "level": 0,
    "map": null,
    "markup": "",
    "meta": null,
    "nesting": -1,
    "tag": "div",
    "type": "tabs_close",
  },
]
`;

exports[`plugin > should not handle tabs when endlist has negative indent  1`] = `
Array [
  Object {
    "block": true,
    "children": null,
    "content": "",
    "hidden": false,
    "info": "",
    "level": 0,
    "map": Array [
      0,
      12,
    ],
    "markup": "-",
    "meta": null,
    "nesting": 1,
    "tag": "ul",
    "type": "bullet_list_open",
  },
  Object {
    "block": true,
    "children": null,
    "content": "",
    "hidden": false,
    "info": "",
    "level": 1,
    "map": Array [
      0,
      2,
    ],
    "markup": "-",
    "meta": null,
    "nesting": 1,
    "tag": "li",
    "type": "list_item_open",
  },
  Object {
    "block": true,
    "children": null,
    "content": "",
    "hidden": false,
    "info": "",
    "level": 2,
    "map": Array [
      0,
      1,
    ],
    "markup": "",
    "meta": null,
    "nesting": 1,
    "tag": "p",
    "type": "paragraph_open",
  },
  Object {
    "block": true,
    "children": Array [
      Object {
        "attrs": null,
        "block": false,
        "children": null,
        "content": "List 1",
        "hidden": false,
        "info": "",
        "level": 0,
        "map": null,
        "markup": "",
        "meta": null,
        "nesting": 0,
        "tag": "",
        "type": "text",
      },
    ],
    "content": "List 1",
    "hidden": false,
    "info": "",
    "level": 3,
    "map": Array [
      0,
      1,
    ],
    "markup": "",
    "meta": null,
    "nesting": 0,
    "tag": "",
    "type": "inline",
  },
  Object {
    "block": true,
    "children": null,
    "content": "",
    "hidden": false,
    "info": "",
    "level": 2,
    "map": null,
    "markup": "",
    "meta": null,
    "nesting": -1,
    "tag": "p",
    "type": "paragraph_close",
  },
  Object {
    "block": true,
    "children": null,
    "content": "",
    "hidden": false,
    "info": "",
    "level": 1,
    "map": null,
    "markup": "-",
    "meta": null,
    "nesting": -1,
    "tag": "li",
    "type": "list_item_close",
  },
  Object {
    "block": true,
    "children": null,
    "content": "",
    "hidden": false,
    "info": "",
    "level": 1,
    "map": Array [
      2,
      10,
    ],
    "markup": "-",
    "meta": null,
    "nesting": 1,
    "tag": "li",
    "type": "list_item_open",
  },
  Object {
    "block": true,
    "children": null,
    "content": "",
    "hidden": false,
    "info": "",
    "level": 2,
    "map": Array [
      2,
      3,
    ],
    "markup": "",
    "meta": null,
    "nesting": 1,
    "tag": "p",
    "type": "paragraph_open",
  },
  Object {
    "block": true,
    "children": Array [
      Object {
        "attrs": null,
        "block": false,
        "children": null,
        "content": "List 2",
        "hidden": false,
        "info": "",
        "level": 0,
        "map": null,
        "markup": "",
        "meta": null,
        "nesting": 0,
        "tag": "",
        "type": "text",
      },
    ],
    "content": "List 2",
    "hidden": false,
    "info": "",
    "level": 3,
    "map": Array [
      2,
      3,
    ],
    "markup": "",
    "meta": null,
    "nesting": 0,
    "tag": "",
    "type": "inline",
  },
  Object {
    "block": true,
    "children": null,
    "content": "",
    "hidden": false,
    "info": "",
    "level": 2,
    "map": null,
    "markup": "",
    "meta": null,
    "nesting": -1,
    "tag": "p",
    "type": "paragraph_close",
  },
  Object {
    "block": true,
    "children": null,
    "content": "",
    "hidden": false,
    "info": "",
    "level": 2,
    "map": Array [
      4,
      5,
    ],
    "markup": "",
    "meta": null,
    "nesting": 1,
    "tag": "p",
    "type": "paragraph_open",
  },
  Object {
    "block": true,
    "children": Array [
      Object {
        "attrs": null,
        "block": false,
        "children": null,
        "content": "{% list tabs %}",
        "hidden": false,
        "info": "",
        "level": 0,
        "map": null,
        "markup": "",
        "meta": null,
        "nesting": 0,
        "tag": "",
        "type": "text",
      },
    ],
    "content": "{% list tabs %}",
    "hidden": false,
    "info": "",
    "level": 3,
    "map": Array [
      4,
      5,
    ],
    "markup": "",
    "meta": null,
    "nesting": 0,
    "tag": "",
    "type": "inline",
  },
  Object {
    "block": true,
    "children": null,
    "content": "",
    "hidden": false,
    "info": "",
    "level": 2,
    "map": null,
    "markup": "",
    "meta": null,
    "nesting": -1,
    "tag": "p",
    "type": "paragraph_close",
  },
  Object {
    "block": true,
    "children": null,
    "content": "",
    "hidden": false,
    "info": "",
    "level": 2,
    "map": Array [
      6,
      8,
    ],
    "markup": "-",
    "meta": null,
    "nesting": 1,
    "tag": "ul",
    "type": "bullet_list_open",
  },
  Object {
    "block": true,
    "children": null,
    "content": "",
    "hidden": false,
    "info": "",
    "level": 3,
    "map": Array [
      6,
      8,
    ],
    "markup": "-",
    "meta": null,
    "nesting": 1,
    "tag": "li",
    "type": "list_item_open",
  },
  Object {
    "block": true,
    "children": null,
    "content": "",
    "hidden": true,
    "info": "",
    "level": 4,
    "map": Array [
      6,
      7,
    ],
    "markup": "",
    "meta": null,
    "nesting": 1,
    "tag": "p",
    "type": "paragraph_open",
  },
  Object {
    "block": true,
    "children": Array [
      Object {
        "attrs": null,
        "block": false,
        "children": null,
        "content": "Tab 1",
        "hidden": false,
        "info": "",
        "level": 0,
        "map": null,
        "markup": "",
        "meta": null,
        "nesting": 0,
        "tag": "",
        "type": "text",
      },
    ],
    "content": "Tab 1",
    "hidden": false,
    "info": "",
    "level": 5,
    "map": Array [
      6,
      7,
    ],
    "markup": "",
    "meta": null,
    "nesting": 0,
    "tag": "",
    "type": "inline",
  },
  Object {
    "block": true,
    "children": null,
    "content": "",
    "hidden": true,
    "info": "",
    "level": 4,
    "map": null,
    "markup": "",
    "meta": null,
    "nesting": -1,
    "tag": "p",
    "type": "paragraph_close",
  },
  Object {
    "block": true,
    "children": null,
    "content": "",
    "hidden": false,
    "info": "",
    "level": 3,
    "map": null,
    "markup": "-",
    "meta": null,
    "nesting": -1,
    "tag": "li",
    "type": "list_item_close",
  },
  Object {
    "block": true,
    "children": null,
    "content": "",
    "hidden": false,
    "info": "",
    "level": 2,
    "map": null,
    "markup": "-",
    "meta": null,
    "nesting": -1,
    "tag": "ul",
    "type": "bullet_list_close",
  },
  Object {
    "block": true,
    "children": null,
    "content": "",
    "hidden": false,
    "info": "",
    "level": 2,
    "map": Array [
      8,
      9,
    ],
    "markup": "",
    "meta": null,
    "nesting": 1,
    "tag": "p",
    "type": "paragraph_open",
  },
  Object {
    "block": true,
    "children": Array [
      Object {
        "attrs": null,
        "block": false,
        "children": null,
        "content": "Content of tab 1",
        "hidden": false,
        "info": "",
        "level": 0,
        "map": null,
        "markup": "",
        "meta": null,
        "nesting": 0,
        "tag": "",
        "type": "text",
      },
    ],
    "content": "Content of tab 1",
    "hidden": false,
    "info": "",
    "level": 3,
    "map": Array [
      8,
      9,
    ],
    "markup": "",
    "meta": null,
    "nesting": 0,
    "tag": "",
    "type": "inline",
  },
  Object {
    "block": true,
    "children": null,
    "content": "",
    "hidden": false,
    "info": "",
    "level": 2,
    "map": null,
    "markup": "",
    "meta": null,
    "nesting": -1,
    "tag": "p",
    "type": "paragraph_close",
  },
  Object {
    "block": true,
    "children": null,
    "content": "",
    "hidden": false,
    "info": "",
    "level": 1,
    "map": null,
    "markup": "-",
    "meta": null,
    "nesting": -1,
    "tag": "li",
    "type": "list_item_close",
  },
  Object {
    "block": true,
    "children": null,
    "content": "",
    "hidden": false,
    "info": "",
    "level": 1,
    "map": Array [
      10,
      12,
    ],
    "markup": "-",
    "meta": null,
    "nesting": 1,
    "tag": "li",
    "type": "list_item_open",
  },
  Object {
    "block": true,
    "children": null,
    "content": "",
    "hidden": false,
    "info": "",
    "level": 2,
    "map": Array [
      10,
      11,
    ],
    "markup": "",
    "meta": null,
    "nesting": 1,
    "tag": "p",
    "type": "paragraph_open",
  },
  Object {
    "block": true,
    "children": Array [
      Object {
        "attrs": null,
        "block": false,
        "children": null,
        "content": "List 3",
        "hidden": false,
        "info": "",
        "level": 0,
        "map": null,
        "markup": "",
        "meta": null,
        "nesting": 0,
        "tag": "",
        "type": "text",
      },
    ],
    "content": "List 3",
    "hidden": false,
    "info": "",
    "level": 3,
    "map": Array [
      10,
      11,
    ],
    "markup": "",
    "meta": null,
    "nesting": 0,
    "tag": "",
    "type": "inline",
  },
  Object {
    "block": true,
    "children": null,
    "content": "",
    "hidden": false,
    "info": "",
    "level": 2,
    "map": null,
    "markup": "",
    "meta": null,
    "nesting": -1,
    "tag": "p",
    "type": "paragraph_close",
  },
  Object {
    "block": true,
    "children": null,
    "content": "",
    "hidden": false,
    "info": "",
    "level": 1,
    "map": null,
    "markup": "-",
    "meta": null,
    "nesting": -1,
    "tag": "li",
    "type": "list_item_close",
  },
  Object {
    "block": true,
    "children": null,
    "content": "",
    "hidden": false,
    "info": "",
    "level": 0,
    "map": null,
    "markup": "-",
    "meta": null,
    "nesting": -1,
    "tag": "ul",
    "type": "bullet_list_close",
  },
  Object {
    "block": true,
    "children": null,
    "content": "",
    "hidden": false,
    "info": "",
    "level": 0,
    "map": Array [
      12,
      13,
    ],
    "markup": "",
    "meta": null,
    "nesting": 1,
    "tag": "p",
    "type": "paragraph_open",
  },
  Object {
    "block": true,
    "children": Array [
      Object {
        "attrs": null,
        "block": false,
        "children": null,
        "content": "{% endlist %}",
        "hidden": false,
        "info": "",
        "level": 0,
        "map": null,
        "markup": "",
        "meta": null,
        "nesting": 0,
        "tag": "",
        "type": "text",
      },
    ],
    "content": "{% endlist %}",
    "hidden": false,
    "info": "",
    "level": 1,
    "map": Array [
      12,
      13,
    ],
    "markup": "",
    "meta": null,
    "nesting": 0,
    "tag": "",
    "type": "inline",
  },
  Object {
    "block": true,
    "children": null,
    "content": "",
    "hidden": false,
    "info": "",
    "level": 0,
    "map": null,
    "markup": "",
    "meta": null,
    "nesting": -1,
    "tag": "p",
    "type": "paragraph_close",
  },
]
`;

exports[`plugin > should not handle tabs with content after indented endlist 1`] = `
Array [
  Object {
    "block": true,
    "children": null,
    "content": "",
    "hidden": false,
    "info": "",
    "level": 0,
    "map": Array [
      0,
      1,
    ],
    "markup": "",
    "meta": null,
    "nesting": 1,
    "tag": "p",
    "type": "paragraph_open",
  },
  Object {
    "block": true,
    "children": Array [
      Object {
        "attrs": null,
        "block": false,
        "children": null,
        "content": "{% list tabs %}",
        "hidden": false,
        "info": "",
        "level": 0,
        "map": null,
        "markup": "",
        "meta": null,
        "nesting": 0,
        "tag": "",
        "type": "text",
      },
    ],
    "content": "{% list tabs %}",
    "hidden": false,
    "info": "",
    "level": 1,
    "map": Array [
      0,
      1,
    ],
    "markup": "",
    "meta": null,
    "nesting": 0,
    "tag": "",
    "type": "inline",
  },
  Object {
    "block": true,
    "children": null,
    "content": "",
    "hidden": false,
    "info": "",
    "level": 0,
    "map": null,
    "markup": "",
    "meta": null,
    "nesting": -1,
    "tag": "p",
    "type": "paragraph_close",
  },
  Object {
    "block": true,
    "children": null,
    "content": "",
    "hidden": false,
    "info": "",
    "level": 0,
    "map": Array [
      2,
      9,
    ],
    "markup": "-",
    "meta": null,
    "nesting": 1,
    "tag": "ul",
    "type": "bullet_list_open",
  },
  Object {
    "block": true,
    "children": null,
    "content": "",
    "hidden": false,
    "info": "",
    "level": 1,
    "map": Array [
      2,
      9,
    ],
    "markup": "-",
    "meta": null,
    "nesting": 1,
    "tag": "li",
    "type": "list_item_open",
  },
  Object {
    "block": true,
    "children": null,
    "content": "",
    "hidden": false,
    "info": "",
    "level": 2,
    "map": Array [
      2,
      3,
    ],
    "markup": "",
    "meta": null,
    "nesting": 1,
    "tag": "p",
    "type": "paragraph_open",
  },
  Object {
    "block": true,
    "children": Array [
      Object {
        "attrs": null,
        "block": false,
        "children": null,
        "content": "Not Tab 1",
        "hidden": false,
        "info": "",
        "level": 0,
        "map": null,
        "markup": "",
        "meta": null,
        "nesting": 0,
        "tag": "",
        "type": "text",
      },
    ],
    "content": "Not Tab 1",
    "hidden": false,
    "info": "",
    "level": 3,
    "map": Array [
      2,
      3,
    ],
    "markup": "",
    "meta": null,
    "nesting": 0,
    "tag": "",
    "type": "inline",
  },
  Object {
    "block": true,
    "children": null,
    "content": "",
    "hidden": false,
    "info": "",
    "level": 2,
    "map": null,
    "markup": "",
    "meta": null,
    "nesting": -1,
    "tag": "p",
    "type": "paragraph_close",
  },
  Object {
    "block": true,
    "children": null,
    "content": "",
    "hidden": false,
    "info": "",
    "level": 2,
    "map": Array [
      4,
      5,
    ],
    "markup": "",
    "meta": null,
    "nesting": 1,
    "tag": "p",
    "type": "paragraph_open",
  },
  Object {
    "block": true,
    "children": Array [
      Object {
        "attrs": null,
        "block": false,
        "children": null,
        "content": "Content before",
        "hidden": false,
        "info": "",
        "level": 0,
        "map": null,
        "markup": "",
        "meta": null,
        "nesting": 0,
        "tag": "",
        "type": "text",
      },
    ],
    "content": "Content before",
    "hidden": false,
    "info": "",
    "level": 3,
    "map": Array [
      4,
      5,
    ],
    "markup": "",
    "meta": null,
    "nesting": 0,
    "tag": "",
    "type": "inline",
  },
  Object {
    "block": true,
    "children": null,
    "content": "",
    "hidden": false,
    "info": "",
    "level": 2,
    "map": null,
    "markup": "",
    "meta": null,
    "nesting": -1,
    "tag": "p",
    "type": "paragraph_close",
  },
  Object {
    "block": true,
    "children": null,
    "content": "",
    "hidden": false,
    "info": "",
    "level": 2,
    "map": Array [
      6,
      7,
    ],
    "markup": "",
    "meta": null,
    "nesting": 1,
    "tag": "p",
    "type": "paragraph_open",
  },
  Object {
    "block": true,
    "children": Array [
      Object {
        "attrs": null,
        "block": false,
        "children": null,
        "content": "{% endlist %}",
        "hidden": false,
        "info": "",
        "level": 0,
        "map": null,
        "markup": "",
        "meta": null,
        "nesting": 0,
        "tag": "",
        "type": "text",
      },
    ],
    "content": "{% endlist %}",
    "hidden": false,
    "info": "",
    "level": 3,
    "map": Array [
      6,
      7,
    ],
    "markup": "",
    "meta": null,
    "nesting": 0,
    "tag": "",
    "type": "inline",
  },
  Object {
    "block": true,
    "children": null,
    "content": "",
    "hidden": false,
    "info": "",
    "level": 2,
    "map": null,
    "markup": "",
    "meta": null,
    "nesting": -1,
    "tag": "p",
    "type": "paragraph_close",
  },
  Object {
    "block": true,
    "children": null,
    "content": "",
    "hidden": false,
    "info": "",
    "level": 2,
    "map": Array [
      8,
      9,
    ],
    "markup": "",
    "meta": null,
    "nesting": 1,
    "tag": "p",
    "type": "paragraph_open",
  },
  Object {
    "block": true,
    "children": Array [
      Object {
        "attrs": null,
        "block": false,
        "children": null,
        "content": "Content after",
        "hidden": false,
        "info": "",
        "level": 0,
        "map": null,
        "markup": "",
        "meta": null,
        "nesting": 0,
        "tag": "",
        "type": "text",
      },
    ],
    "content": "Content after",
    "hidden": false,
    "info": "",
    "level": 3,
    "map": Array [
      8,
      9,
    ],
    "markup": "",
    "meta": null,
    "nesting": 0,
    "tag": "",
    "type": "inline",
  },
  Object {
    "block": true,
    "children": null,
    "content": "",
    "hidden": false,
    "info": "",
    "level": 2,
    "map": null,
    "markup": "",
    "meta": null,
    "nesting": -1,
    "tag": "p",
    "type": "paragraph_close",
  },
  Object {
    "block": true,
    "children": null,
    "content": "",
    "hidden": false,
    "info": "",
    "level": 1,
    "map": null,
    "markup": "-",
    "meta": null,
    "nesting": -1,
    "tag": "li",
    "type": "list_item_close",
  },
  Object {
    "block": true,
    "children": null,
    "content": "",
    "hidden": false,
    "info": "",
    "level": 0,
    "map": null,
    "markup": "-",
    "meta": null,
    "nesting": -1,
    "tag": "ul",
    "type": "bullet_list_close",
  },
]
`;
